2026-09-30 17:46:02 +0000  App Store Connect request for store configuration for credential <DVTFoundation.DVTServicesSessionProviderCredential: 0x9b6cb8120>; configuration: <DVTITunesConnectConfigurationResponse: 0x9b747cbc0; isSuccessful='1', configuration='{
    X3AS75R249 =     {
        "com.apple.platform.appletvos" =         {
            architectures =             {
                defaultArch =                 {
                    defaultProductType =                     {
                        format =                         {
                            bitCode =                             {
                                supportLevel = unsupported;
                            };
                            compiledCode =                             {
                                supportLevel = required;
                            };
                        };
                    };
                };
            };
            iconSource =             {
                largeAppIcon = carInBinary;
                primaryIcons = carInBinary;
            };
        };
        "com.apple.platform.iphoneos" =         {
            architectures =             {
                defaultArch =                 {
                    defaultProductType =                     {
                        format =                         {
                            bitCode =                             {
                                supportLevel = unsupported;
                            };
                            compiledCode =                             {
                                supportLevel = required;
                            };
                        };
                    };
                };
            };
            iconSource =             {
                largeAppIcon = unsupported;
                primaryIcons = pngInBinary;
            };
        };
        "com.apple.platform.macosx" =         {
            architectures =             {
                defaultArch =                 {
                    defaultProductType =                     {
                        format =                         {
                            bitCode =                             {
                                supportLevel = unsupported;
                            };
                            compiledCode =                             {
                                supportLevel = required;
                            };
                        };
                    };
                };
            };
            iconSource =             {
                largeAppIcon = pngInBinary;
                primaryIcons = pngInBinary;
            };
        };
        "com.apple.platform.watchos" =         {
            architectures =             {
                defaultArch =                 {
                    defaultProductType =                     {
                        format =                         {
                            bitCode =                             {
                                supportLevel = unsupported;
                            };
                            compiledCode =                             {
                                supportLevel = required;
                            };
                        };
                    };
                };
            };
            iconSource =             {
                largeAppIcon = unsupported;
                primaryIcons = pngInBinary;
            };
        };
        "com.apple.platform.xros" =         {
            architectures =             {
                defaultArch =                 {
                    defaultProductType =                     {
                        format =                         {
                            bitCode =                             {
                                supportLevel = unsupported;
                            };
                            compiledCode =                             {
                                supportLevel = required;
                            };
                        };
                    };
                };
            };
            iconSource =             {
                largeAppIcon = carInBinary;
                primaryIcons = carInBinary;
            };
        };
        configModelVersion = "2.0";
    };
    preflight =     (
        X3AS75R249
    );
}', alertMessage='(null)', errors='(null)', warnings='(null)', infoMessages='(null)'>; error (null)
